// Jest Snapshot v1, https://goo.gl/fbAQLP

exports[`GET /products should return products sorted by A-Z 1`] = `
[
  {
    "description": "HP Pavilion 15-DK1056WM Gaming Laptop 10th Gen Core i5, 8GB, 256GB SSD, GTX 1650 4GB, Windows 10",
    "id": 10,
    "price": 1099,
    "thumbnail": "https://i.dummyjson.com/data/products/10/thumbnail.jpeg",
    "title": "HP Pavilion 15-DK1056WM",
  },
  {
    "description": "Huawei’s re-badged P30 Pro New Edition was officially unveiled yesterday in Germany and now the device has made its way to the UK.",
    "id": 5,
    "price": 499,
    "thumbnail": "https://i.dummyjson.com/data/products/5/thumbnail.jpg",
    "title": "Huawei P30",
  },
  {
    "description": "Infinix Inbook X1 Ci3 10th 8GB 256GB 14 Win10 Grey – 1 Year Warranty",
    "id": 9,
    "price": 1099,
    "thumbnail": "https://i.dummyjson.com/data/products/9/thumbnail.jpg",
    "title": "Infinix INBOOK",
  },
  {
    "description": "An apple mobile which is nothing like apple",
    "id": 1,
    "price": 549,
    "thumbnail": "https://i.dummyjson.com/data/products/1/thumbnail.jpg",
    "title": "iPhone 9",
  },
  {
    "description": "SIM-Free, Model A19211 6.5-inch Super Retina HD display with OLED technology A12 Bionic chip with ...",
    "id": 2,
    "price": 899,
    "thumbnail": "https://i.dummyjson.com/data/products/2/thumbnail.jpg",
    "title": "iPhone X",
  },
  {
    "description": "MacBook Pro 2021 with mini-LED display may launch between September, November",
    "id": 6,
    "price": 1749,
    "thumbnail": "https://i.dummyjson.com/data/products/6/thumbnail.png",
    "title": "MacBook Pro",
  },
  {
    "description": "Style and speed. Stand out on HD video calls backed by Studio Mics. Capture ideas on the vibrant touchscreen.",
    "id": 8,
    "price": 1499,
    "thumbnail": "https://i.dummyjson.com/data/products/8/thumbnail.jpg",
    "title": "Microsoft Surface Laptop 4",
  },
  {
    "description": "OPPO F19 is officially announced on April 2021.",
    "id": 4,
    "price": 280,
    "thumbnail": "https://i.dummyjson.com/data/products/4/thumbnail.jpg",
    "title": "OPPOF19",
  },
  {
    "description": "Samsung Galaxy Book S (2020) Laptop With Intel Lakefield Chip, 8GB of RAM Launched",
    "id": 7,
    "price": 1499,
    "thumbnail": "https://i.dummyjson.com/data/products/7/thumbnail.jpg",
    "title": "Samsung Galaxy Book",
  },
  {
    "description": "Samsung's new variant which goes beyond Galaxy to the Universe",
    "id": 3,
    "price": 1249,
    "thumbnail": "https://i.dummyjson.com/data/products/3/thumbnail.jpg",
    "title": "Samsung Universe 9",
  },
]
`;

exports[`POST /login should return unauthorized error 1`] = `
{
  "message": "Invalid credentials",
}
`;

exports[`POST /login should return user 1`] = `
{
  "avatar": "https://robohash.org/autquiaut.png",
  "firstName": "Jeanne",
  "lastName": "Halvorson",
  "token": "eyJhbGciOiJIUzI1NiIsInR5cCI6IkpXVCJ9.eyJpZCI6MTUsInVzZXJuYW1lIjoia21pbmNoZWxsZSIsImVtYWlsIjoia21pbmNoZWxsZUBxcS5jb20iLCJmaXJzdE5hbWUiOiJKZWFubmUiLCJsYXN0TmFtZSI6IkhhbHZvcnNvbiIsImdlbmRlciI6ImZlbWFsZSIsImltYWdlIjoiaHR0cHM6Ly9yb2JvaGFzaC5vcmcvYXV0cXVpYXV0LnBuZyIsImlhdCI6MTY5NTU4NjczNCwiZXhwIjoxNjk1NTkwMzM0fQ.GcaZGjjXm6wgenGhh-13vGEY211q_Jkc-V3XB6E1XwE",
  "username": "kminchelle",
}
`;
